<html>
<body>
<pre>
<h1>µVision Build Log</h1>
<h2>Tool Versions:</h2>
IDE-Version: µVision V5.37.0.0
Copyright (C) 2022 ARM Ltd and ARM Germany GmbH. All rights reserved.
License Information: tolga em, -, LIC=----
 
Tool Versions:
Toolchain:       MDK-Lite  Version: 5.37.0.0
Toolchain Path:  C:\Keil_v5\ARM\ARMCLANG\Bin
C Compiler:      ArmClang.exe V6.18
Assembler:       Armasm.exe V6.18
Linker/Locator:  ArmLink.exe V6.18
Library Manager: ArmAr.exe V6.18
Hex Converter:   FromElf.exe V6.18
CPU DLL:         SARMCM3.DLL V5.37.0.0
Dialog DLL:      DCM.DLL V1.17.5.0
Target DLL:      UL2CM3.DLL V1.164.7.0
Dialog DLL:      TCM.DLL V1.56.1.0
 
<h2>Project:</h2>
D:\Complete_ARM_Cortex-M_Bare_Metal_Programming _projects\Systick_timer\Systick_timer_project.uvprojx
Project File Date:  07/05/2022

<h2>Output:</h2>
*** Using Compiler 'V6.18', folder: 'C:\Keil_v5\ARM\ARMCLANG\Bin'
Build target 'Target 1'
main.c(2): warning: In file included from...
C:/Users/tem-1/AppData/Local/Arm/Packs/Keil/TM4C_DFP/1.1.0/Device/Include/TM4C123\TM4C123.h(22): warning: In file included from...
C:/Users/tem-1/AppData/Local/Arm/Packs/Keil/TM4C_DFP/1.1.0/Device/Include/TM4C123/TM4C1230H6PM.h(286): warning: anonymous unions are a C11 extension [-Wc11-extensions]
  union {
  ^
C:/Users/tem-1/AppData/Local/Arm/Packs/Keil/TM4C_DFP/1.1.0/Device/Include/TM4C123/TM4C1230H6PM.h(326): warning: anonymous unions are a C11 extension [-Wc11-extensions]
  union {
  ^
C:/Users/tem-1/AppData/Local/Arm/Packs/Keil/TM4C_DFP/1.1.0/Device/Include/TM4C123/TM4C1230H6PM.h(345): warning: anonymous unions are a C11 extension [-Wc11-extensions]
  union {
  ^
C:/Users/tem-1/AppData/Local/Arm/Packs/Keil/TM4C_DFP/1.1.0/Device/Include/TM4C123/TM4C1230H6PM.h(572): warning: anonymous unions are a C11 extension [-Wc11-extensions]
  union {
  ^
C:/Users/tem-1/AppData/Local/Arm/Packs/Keil/TM4C_DFP/1.1.0/Device/Include/TM4C123/TM4C1230H6PM.h(588): warning: anonymous unions are a C11 extension [-Wc11-extensions]
  union {
  ^
C:/Users/tem-1/AppData/Local/Arm/Packs/Keil/TM4C_DFP/1.1.0/Device/Include/TM4C123/TM4C1230H6PM.h(694): warning: anonymous unions are a C11 extension [-Wc11-extensions]
  union {
  ^
6 warnings generated.
compiling main.c...
RTE/Device/TM4C1230H6PM/system_TM4C123.c(13): warning: In file included from...
C:/Users/tem-1/AppData/Local/Arm/Packs/Keil/TM4C_DFP/1.1.0/Device/Include/TM4C123\TM4C123.h(22): warning: In file included from...
C:/Users/tem-1/AppData/Local/Arm/Packs/Keil/TM4C_DFP/1.1.0/Device/Include/TM4C123/TM4C1230H6PM.h(286): warning: anonymous unions are a C11 extension [-Wc11-extensions]
  union {
  ^
C:/Users/tem-1/AppData/Local/Arm/Packs/Keil/TM4C_DFP/1.1.0/Device/Include/TM4C123/TM4C1230H6PM.h(326): warning: anonymous unions are a C11 extension [-Wc11-extensions]
  union {
  ^
C:/Users/tem-1/AppData/Local/Arm/Packs/Keil/TM4C_DFP/1.1.0/Device/Include/TM4C123/TM4C1230H6PM.h(345): warning: anonymous unions are a C11 extension [-Wc11-extensions]
  union {
  ^
C:/Users/tem-1/AppData/Local/Arm/Packs/Keil/TM4C_DFP/1.1.0/Device/Include/TM4C123/TM4C1230H6PM.h(572): warning: anonymous unions are a C11 extension [-Wc11-extensions]
  union {
  ^
C:/Users/tem-1/AppData/Local/Arm/Packs/Keil/TM4C_DFP/1.1.0/Device/Include/TM4C123/TM4C1230H6PM.h(588): warning: anonymous unions are a C11 extension [-Wc11-extensions]
  union {
  ^
C:/Users/tem-1/AppData/Local/Arm/Packs/Keil/TM4C_DFP/1.1.0/Device/Include/TM4C123/TM4C1230H6PM.h(694): warning: anonymous unions are a C11 extension [-Wc11-extensions]
  union {
  ^
6 warnings generated.
compiling system_TM4C123.c...
linking...
Program Size: Code=952 RO-data=636 RW-data=0 ZI-data=608  
".\Objects\Systick_timer_project.axf" - 0 Error(s), 12 Warning(s).

<h2>Software Packages used:</h2>

Package Vendor: ARM
                http://www.keil.com/pack/ARM.CMSIS.5.9.0.pack
                ARM.CMSIS.5.9.0
                CMSIS (Common Microcontroller Software Interface Standard)
   * Component: CORE Version: 5.6.0

Package Vendor: Keil
                http://www.keil.com/pack/Keil.TM4C_DFP.1.1.0.pack
                Keil.TM4C_DFP.1.1.0
                Texas Instruments Tiva C Series Device Support and Examples
   * Component: Startup Version: 1.0.1

<h2>Collection of Component include folders:</h2>
  ./RTE/_Target_1
  C:/Users/tem-1/AppData/Local/Arm/Packs/ARM/CMSIS/5.9.0/CMSIS/Core/Include
  C:/Users/tem-1/AppData/Local/Arm/Packs/Keil/TM4C_DFP/1.1.0/Device/Include/TM4C123

<h2>Collection of Component Files used:</h2>

   * Component: ARM::CMSIS:CORE:5.6.0

   * Component: Keil::Device:Startup:1.0.1
      Source file:   Device/Source/ARM/startup_TM4C123.s
      Include file:  Device/Include/TM4C123/TM4C123.h
      Source file:   Device/Source/system_TM4C123.c
Build Time Elapsed:  00:00:00
</pre>
</body>
</html>
